com.AndrewHazelden.Atomizer.DragDrop.zip
com.AndrewHazelden.AtomzCreate.zip
com.AndrewHazelden.AtomzExpand.zip
com.AndrewHazelden.CloseComps.zip
com.AndrewHazelden.HypertextCompositor.zip
com.AndrewHazelden.InteractiveRenderSwitch.zip
com.AndrewHazelden.JSONFromFile.DragDrop.zip
com.AndrewHazelden.KartaLink.AppleScript.zip
com.AndrewHazelden.KartaLink.DeadlineImageViewer.zip
com.AndrewHazelden.KartaLink.HQueueRender.zip
com.AndrewHazelden.KartaLink.KeyboardMaestro.zip
com.AndrewHazelden.KartaLink.MediaCommand.zip
com.AndrewHazelden.KartaLink.Scripts.SpatialMetadata.zip
com.AndrewHazelden.KartaLink.Sessions.zip
com.AndrewHazelden.KartaVP.CaguasVP.zip
com.AndrewHazelden.KartaVP.LensProfiles.zip
com.AndrewHazelden.KartaVP.MultiView.zip
com.AndrewHazelden.KartaVP.PT.zip
com.AndrewHazelden.KartaVP.STMapTemplates.zip
com.AndrewHazelden.KartaVP.Scripts.LightEditor.zip
com.AndrewHazelden.KartaVP.Scripts.RenderTimeProfiler.zip
com.AndrewHazelden.KartaVP.Scripts.USDOutliner.zip
com.AndrewHazelden.KartaVP.Tools.kvrCreateStereo.zip
com.AndrewHazelden.KartaVP.Tools.kvrCropStereo.zip
com.AndrewHazelden.KartaVP.Tools.kvrCubic.zip
com.AndrewHazelden.KartaVP.Tools.kvrGrade.zip
com.AndrewHazelden.KartaVP.Tools.kvrLens.zip
com.AndrewHazelden.KartaVP.Tools.kvrPlane.zip
com.AndrewHazelden.KartaVP.Tools.kvrViewer.zip
com.AndrewHazelden.KartaVP.kvrGuides.zip
com.AndrewHazelden.KartaVP.kvrSuperSTMap.zip
com.AndrewHazelden.KartaVP.kvrVignette.zip
com.AndrewHazelden.KartaVR.zip
com.AndrewHazelden.KartaVR.3rdParty.zip
com.AndrewHazelden.KartaVR.Audio.zip
com.AndrewHazelden.KartaVR.Bonus.zip
com.AndrewHazelden.KartaVR.Comps.WarpStitch.Canon180VR.zip
com.AndrewHazelden.KartaVR.Comps.WarpStitch.DualFisheye.zip
com.AndrewHazelden.KartaVR.Comps.WarpStitch.UnderTheBridge.zip
com.AndrewHazelden.KartaVR.DragDrop.zip
com.AndrewHazelden.KartaVR.Hotkeys.zip
com.AndrewHazelden.KartaVR.Scripts.Geometry.zip
com.AndrewHazelden.KartaVR.Scripts.Movies.zip
com.AndrewHazelden.KartaVR.Scripts.OpenFolder.zip
com.AndrewHazelden.KartaVR.Scripts.Photogrammetry.zip
com.AndrewHazelden.KartaVR.Scripts.SendMedia.zip
com.AndrewHazelden.KartaVR.Scripts.Stereoscopic.zip
com.AndrewHazelden.KartaVR.Scripts.Stitching.zip
com.AndrewHazelden.KartaVR.Scripts.Viewers.zip
com.AndrewHazelden.KartaVR.Scripts.VirtualProduction.zip
com.AndrewHazelden.KartaVR.Tools.Images.zip
com.AndrewHazelden.KartaVR.Tools.Reframe360.zip
com.AndrewHazelden.KartaVR.Tools.STMapperInline.zip
com.AndrewHazelden.KartaVR.Tools.WarpStitch.zip
com.AndrewHazelden.LifeSaver.zip
com.AndrewHazelden.MetadataVR.zip
com.AndrewHazelden.MultiMergeSelected.zip
com.AndrewHazelden.OCA.zip
com.AndrewHazelden.OpenACopy.zip
com.AndrewHazelden.OpenInScriptEditor.zip
com.AndrewHazelden.ParallelIO.pioSaver.zip
com.AndrewHazelden.ResolveEssentials.zip
com.AndrewHazelden.RestartFusion.zip
com.AndrewHazelden.RevertComp.zip
com.AndrewHazelden.RotateView.zip
com.AndrewHazelden.UIManagerLuaExamples.zip
com.AndrewHazelden.VectorSnapshot.zip
com.AndrewHazelden.vTextFromFile.DragDrop.zip
com.BryanRay.SetTimeCode.zip
com.Cygwin.Zip.zip
com.DanielStenberg.cURL.zip
com.DunnLewis.Extended_Wave.zip
com.Exosite.LuaYAML.zip
com.Google.SpatialMediaMetadataInjector.zip
com.Google.VR180Creator.zip
com.HouseOfSecrets.hos_SplitEXR_Ultra.zip
com.HouseOfSecrets.hos_Tiler.zip
com.Hugin.PanotoolsNG.zip
com.ImageMagick.Convert.zip
com.JacobDanell.Append.zip
com.JacobDanell.Append2.zip
com.JacobDanell.InverseSTMap.zip
com.JacobDanell.STMapper.zip
com.KyleSmith.utf8.zip
com.ManoelCampos.xml2lua.zip
com.MichaelLutz.LuaMatrix.zip
com.MuseVFX.XGlow.zip
com.PeterSelinger.potrace.zip
com.RXI.Flux.zip
com.RXI.Lume.zip
com.StefanIhringer.XfChroma.zip
com.StefanIhringer.srgb_rec709_viewshaders.zip
com.TomBerakis.SlashFor.zip
com.Vonk.Comps.BikeDashboard.zip
com.Vonk.Comps.MissionControl.zip
com.Vonk.Comps.Workflows.zip
com.Vonk.Fusion3D.zip
com.Vonk.FusionArray.zip
com.Vonk.FusionBase64.zip
com.Vonk.FusionCBOR.zip
com.Vonk.FusionColor.zip
com.Vonk.FusionFileSystem.zip
com.Vonk.FusionGradient.zip
com.Vonk.FusionGuide.zip
com.Vonk.FusionImage.zip
com.Vonk.FusionJSON.zip
com.Vonk.FusionMTLX.zip
com.Vonk.FusionMatrix.zip
com.Vonk.FusionMeta.zip
com.Vonk.FusionMograph.zip
com.Vonk.FusionNumber.zip
com.Vonk.FusionPoint.zip
com.Vonk.FusionScriptVal.zip
com.Vonk.FusionShape.zip
com.Vonk.FusionText.zip
com.Vonk.FusionUSD.zip
com.Vonk.FusionVector.zip
com.Vonk.FusionXML.zip
com.Vonk.FusionYAML.zip
com.Vonk.Scripts.zip
com.Vonk.VonkUltra.zip
com.Zash.Lua-CBOR.zip
com.wesuckless.AttachMaskToPath.zip
com.wesuckless.CSVBatchRender.zip
com.wesuckless.KickAssShaderZ.zip
com.wesuckless.KickAssShaderZ.Menus.zip
com.wesuckless.NotepadPlusPlus.zip
com.wesuckless.SlashCommand.zip
com.wesuckless.Switch.zip
com.wesuckless.SwitchElse.zip
com.wesuckless.Time3D.zip
com.wesuckless.Wave.zip
com.wesuckless.Wireless.zip
com.wesuckless.Wireless3D.zip
com.wesuckless.Wireless3DMat.zip
com.wesuckless.ffmpeg.zip
com.wesuckless.wintee.zip
